// Jest Snapshot v1, https://goo.gl/fbAQLP

exports[`Prueba <GifExpertApp debe de mostrar el componente igual al snapshot 1`] = `
<div>
  <h1>
    GifExpertApp
  </h1>
  <form
    aria-label="form"
  >
    <input
      placeholder="Buscar Gifs"
      type="text"
      value=""
    />
  </form>
  <h3>
    One Punch
  </h3>
  <p>
    Loading...
  </p>
  <div
    class="card-grid"
  />
</div>
`;
